// Jest Snapshot v1, https://goo.gl/fbAQLP

exports[`Calculator component matches snapshot 1`] = `
<div
  className="calcApp"
>
  <div>
    <h2>
      Let’s do some math!
    </h2>
  </div>
  <div>
    <div
      className="calculator"
    >
      <div
        className="displayScreen"
      >
        <span>
          0
        </span>
      </div>
      <div
        className="btns"
      >
        <button
          className="operator top"
          onClick={[Function]}
          type="button"
        >
          AC
        </button>
        <button
          className="operator top"
          onClick={[Function]}
          type="button"
        >
          +/-
        </button>
        <button
          className="operator top"
          onClick={[Function]}
          type="button"
        >
          %
        </button>
        <button
          className="operator"
          onClick={[Function]}
          type="button"
        >
          ÷
        </button>
        <button
          className="number"
          onClick={[Function]}
          type="button"
        >
          7
        </button>
        <button
          className="number"
          onClick={[Function]}
          type="button"
        >
          8
        </button>
        <button
          className="number"
          onClick={[Function]}
          type="button"
        >
          9
        </button>
        <button
          className="operator"
          onClick={[Function]}
          type="button"
        >
          x
        </button>
        <button
          className="number"
          onClick={[Function]}
          type="button"
        >
          4
        </button>
        <button
          className="number"
          onClick={[Function]}
          type="button"
        >
          5
        </button>
        <button
          className="number"
          onClick={[Function]}
          type="button"
        >
          6
        </button>
        <button
          className="operator"
          onClick={[Function]}
          type="button"
        >
          -
        </button>
        <button
          className="number"
          onClick={[Function]}
          type="button"
        >
          1
        </button>
        <button
          className="number"
          onClick={[Function]}
          type="button"
        >
          2
        </button>
        <button
          className="number"
          onClick={[Function]}
          type="button"
        >
          3
        </button>
        <button
          className="operator"
          onClick={[Function]}
          type="button"
        >
          +
        </button>
        <button
          className="number zero"
          onClick={[Function]}
          type="button"
        >
          0
        </button>
        <button
          className="number"
          onClick={[Function]}
          type="button"
        >
          .
        </button>
        <button
          className="operator"
          onClick={[Function]}
          type="button"
        >
          =
        </button>
      </div>
    </div>
  </div>
</div>
`;
