// Jest Snapshot v1, https://goo.gl/fbAQLP

exports[`Home component matches snapshot 1`] = `
<div
  className="welcome"
>
  <h1>
    Welcome to our page
  </h1>
  <p>
    Lorem ipsum dolor sit amet consectetur adipisicing elit. Eum, ea. Fugiat laborum ut, quasi voluptate odit nobis reiciendis maiores aut iure unde porro similique pariatur deleniti quisquam, ratione voluptatem aliquid. Lorem ipsum dolor sit amet consectetur adipisicing elit. Eum, ea. Fugiat laborum ut, quasi voluptate odit nobis reiciendis maiores aut iure unde porro similique pariatur deleniti quisquam, ratione voluptatem aliquid. Lorem ipsum dolor sit amet consectetur adipisicing elit. Eum, ea. Fugiat laborum ut, quasi voluptate odit nobis reiciendis maiores aut iure unde porro similique pariatur deleniti quisquam, ratione voluptatem aliquid.
  </p>
  <p>
    Lorem ipsum dolor sit amet consectetur adipisicing elit. Eum, ea. Fugiat laborum ut, quasi voluptate odit nobis reiciendis maiores aut iure unde porro similique pariatur deleniti quisquam, ratione voluptatem aliquid.Lorem ipsum dolor sit amet consectetur adipisicing elit. Eum, ea. Fugiat laborum ut, quasi voluptate odit nobis reiciendis maiores aut iure unde porro similique pariatur deleniti quisquam, ratione voluptatem aliquid.Lorem ipsum dolor sit amet consectetur adipisicing elit. Eum, ea. Fugiat laborum ut, quasi voluptate odit nobis reiciendis maiores aut iure unde porro similique pariatur deleniti quisquam, ratione voluptatem aliquid.
  </p>
</div>
`;
